A/D Line auto update - 2026-04-28
Fetching A/D Line data (2026-03-23 ~ 2026-04-28)...
Traceback (most recent call last):
  File "/Users/chenchanghang/.openclaw/workspace/scripts/ad-line.py", line 11, in <module>
    import os, sys, json, asyncio, aiohttp
ModuleNotFoundError: No module named 'aiohttp'
A/D Line auto update - 2026-04-29
Fetching A/D Line data (2026-03-23 ~ 2026-04-29)...
Traceback (most recent call last):
  File "/Users/chenchanghang/.openclaw/workspace/scripts/ad-line.py", line 11, in <module>
    import os, sys, json, asyncio, aiohttp
ModuleNotFoundError: No module named 'aiohttp'
A/D Line auto update - 2026-04-30
Fetching A/D Line data (2026-03-23 ~ 2026-04-30)...
Traceback (most recent call last):
  File "/Users/chenchanghang/.openclaw/workspace/scripts/ad-line.py", line 11, in <module>
    import os, sys, json, asyncio, aiohttp
ModuleNotFoundError: No module named 'aiohttp'
A/D Line auto update - 2026-05-01
Fetching A/D Line data (2026-03-23 ~ 2026-05-01)...
Traceback (most recent call last):
  File "/Users/chenchanghang/.openclaw/workspace/scripts/ad-line.py", line 11, in <module>
    import os, sys, json, asyncio, aiohttp
ModuleNotFoundError: No module named 'aiohttp'
A/D Line auto update - 2026-05-04
Fetching A/D Line data (2026-03-23 ~ 2026-05-04)...
Traceback (most recent call last):
  File "/Users/chenchanghang/.openclaw/workspace/scripts/ad-line.py", line 11, in <module>
    import os, sys, json, asyncio, aiohttp
ModuleNotFoundError: No module named 'aiohttp'
A/D Line auto update - 2026-05-05
Fetching A/D Line data (2026-03-23 ~ 2026-05-05)...
Traceback (most recent call last):
  File "/Users/chenchanghang/.openclaw/workspace/scripts/ad-line.py", line 11, in <module>
    import os, sys, json, asyncio, aiohttp
ModuleNotFoundError: No module named 'aiohttp'
A/D Line auto update - 2026-05-06
Fetching A/D Line data (2026-03-23 ~ 2026-05-06)...
Traceback (most recent call last):
  File "/Users/chenchanghang/.openclaw/workspace/scripts/ad-line.py", line 11, in <module>
    import os, sys, json, asyncio, aiohttp
ModuleNotFoundError: No module named 'aiohttp'
A/D Line auto update - 2026-05-07
Fetching A/D Line data (2026-03-23 ~ 2026-05-07)...
Traceback (most recent call last):
  File "/Users/chenchanghang/.openclaw/workspace/scripts/ad-line.py", line 11, in <module>
    import os, sys, json, asyncio, aiohttp
ModuleNotFoundError: No module named 'aiohttp'
A/D Line auto update - 2026-05-08
Fetching A/D Line data (2026-03-23 ~ 2026-05-08)...
Traceback (most recent call last):
  File "/Users/chenchanghang/.openclaw/workspace/scripts/ad-line.py", line 11, in <module>
    import os, sys, json, asyncio, aiohttp
ModuleNotFoundError: No module named 'aiohttp'
